// Jest Snapshot v1, https://goo.gl/fbAQLP

exports[`Resourcepack - Animation Controller Process 1`] = `
[
  {
    "animations": {
      "using": [
        "base_pose",
      ],
    },
    "documentation": "RP Animation Controller: 'controller.animation.example.base_pose'",
    "id": "controller.animation.example.base_pose",
    "location": {
      "position": 71,
      "uri": "example",
    },
    "molang": {
      "contexts": {
        "using": [],
      },
      "queries": {
        "using": [],
      },
      "temps": {
        "defined": [],
        "using": [],
      },
      "variables": {
        "defined": [],
        "using": [],
      },
    },
    "particles": {
      "using": [],
    },
    "sounds": {
      "using": [],
    },
  },
]
`;
