// Jest Snapshot v1, https://jestjs.io/docs/snapshot-testing

exports[`Entity Families 1`] = `
{
  "animations": {
    "defined": [
      "controller",
      "something",
    ],
    "using": [
      "controller.animation.chicken",
      "controller.i.dont.exist",
    ],
  },
  "documentation": "BP Entity: blockception:sheep",
  "events": [
    "self:to",
  ],
  "families": [
    "animal",
    "mob",
  ],
  "groups": [
    "self:group1",
  ],
  "id": "blockception:sheep",
  "location": {
    "position": 98,
    "uri": "C:\\temp.json",
  },
  "molang": MolangSet {
    "assigned": Set {},
    "cache": MolangSyntaxCache {
      "_data": Map {},
    },
    "functions": Set {},
    "using": Set {},
  },
  "properties": [],
  "runtime_identifier": "",
}
`;
